## SerialGC

### 	Xmx128m Xms128m 环境下

```shell
java -Xmx128m -Xms128m -XX:+UseSerialGC -XX:+PrintGCDetails -XX:+PrintGCDateStamps GCLogAnalysis
```



结果较多省去了重复部分后：

```java
2021-01-14T09:52:00.247+0800: [GC (Allocation Failure) 2021-01-14T09:52:00.248+0800: [DefNew: 34826K->4352K(39296K), 0.0112707 secs] 34826K->12970K(126720K), 0.0126656 secs] [Times: user=0.02 sys=0.00, real=0.01 secs]

2021-01-14T09:52:00.332+0800: [GC (Allocation Failure) 2021-01-14T09:52:00.332+0800: [DefNew: 39292K->39292K(39296K), 0.0002234 secs]2021-01-14T09:52:00.333+0800: [Tenured: 71991K->86451K(87424K), 0.0116545 secs] 111284K->86451K(126720K), [Metaspace: 2637K->2637K(1056768K)], 0.0132650 secs] [Times: user=0.00 sys=0.01, real=0.01 secs]

2021-01-14T09:52:00.366+0800: [Full GC (Allocation Failure) 2021-01-14T09:52:00.366+0800: [Tenured: 87338K->87410K(87424K), 0.0114163 secs] 126206K->107140K(126720K), [Metaspace: 2637K->2637K(1056768K)], 0.0124234 secs] [Times: user=0.01 sys=0.00, real=0.01 secs]
java
Exception in thread "main" java.lang.OutOfMemoryError: Java heap space
        at GCLogAnalysis.generateGarbage(GCLogAnalysis.java:48)
        at GCLogAnalysis.main(GCLogAnalysis.java:25)
Heap
 def new generation   total 39296K, used 38959K [0x00000000f8000000, 0x00000000faaa0000, 0x00000000faaa0000)
  eden space 34944K, 100% used [0x00000000f8000000, 0x00000000fa220000, 0x00000000fa220000)
  from space 4352K,  92% used [0x00000000fa220000, 0x00000000fa60bce0, 0x00000000fa660000)
  to   space 4352K,   0% used [0x00000000fa660000, 0x00000000fa660000, 0x00000000faaa0000)
 tenured generation   total 87424K, used 87402K [0x00000000faaa0000, 0x0000000100000000, 0x0000000100000000)
   the space 87424K,  99% used [0x00000000faaa0000, 0x00000000ffffabd0, 0x00000000ffffac00, 0x0000000100000000)
 Metaspace       used 2667K, capacity 4486K, committed 4864K, reserved 1056768K
  class space    used 294K, capacity 386K, committed 512K, reserved 1048576K

```



##### 分析：

​			第一部分是 youngGC， young区总共 38M左右 ， young区从34M  变为 4M， 总共堆大小从34M 变为 12M ， 说明其中有 8M 进入了 老年区 总共花了 0.01s 。

​			第二部分是 FullGC，因为是串行化所以有先后。 young区 没变，

​			第三部分  由于young区 无法GC掉， 就做了Old区的 GC

​			最后导致了 OOM



### 	Xmx512m Xms512m 环境下

```shell
java -Xmx512m -Xms512m -XX:+UseSerialGC -XX:+PrintGCDetails -XX:+PrintGCDateStamps GCLogAnalysis
```

结果：执行结束!共生成对象次数:12857  GC的时间总消耗时约为0.4s GC次数24次

### 	Xmx1g Xms1g 环境下

```shell
java -Xmx1g -Xms1g -XX:+UseSerialGC -XX:+PrintGCDetails -XX:+PrintGCDateStamps GCLogAnalysis
```

结果：执行结束!共生成对象次数:17167 GC的时间约为0.4s GC次数16次

### 	Xmx2g Xms2g 环境下

```shell
java -Xmx2g -Xms2g -XX:+UseSerialGC -XX:+PrintGCDetails -XX:+PrintGCDateStamps GCLogAnalysis
```

结果：执行结束!共生成对象次数:16927 GC的时间约为0.4s GC次数8次

### 	Xmx4g Xms4g 环境下

```shell
java -Xmx4g -Xms4g -XX:+UseSerialGC -XX:+PrintGCDetails -XX:+PrintGCDateStamps GCLogAnalysis
```

结果：执行结束!共生成对象次数:16927 GC的时间约为0.4s GC次数4次

##### 分析：

​		SerialGC ， 堆内存越大，GC的频率越忙，但是每次 GC消耗时间越多。

## ParallelGC

### 	 	Xmx128m Xms128m 环境下

```shell
java -Xmx128m -Xms128m  -XX:+UseParallelGC  -XX:+PrintGCDetails -XX:+PrintGCDateStamps GCLogAnalysis
```



结果较多省去了重复部分后：

```java
2021-01-14T11:14:39.233+0800: [GC (Allocation Failure) 2021-01-14T11:14:39.234+0800: [ParNew: 34944K->4352K(39296K), 0.0055432 secs] 34944K->10253K(126720K), 0.0066829 secs] [Times: user=0.00 sys=0.00, real=0.01 secs]

2021-01-14T10:44:52.610+0800: [Full GC (Ergonomics) [PSYoungGen: 14845K->14553K(29184K)] [ParOldGen: 87337K->87337K(87552K)] 102182K->101891K(116736K), [Metaspace: 2637K->2637K(1056768K)], 0.0068789 secs] [Times: user=0.00 sys=0.00, real=0.01 secs]

Exception in thread "main" java.lang.OutOfMemoryError: Java heap space
        at GCLogAnalysis.generateGarbage(GCLogAnalysis.java:48)
        at GCLogAnalysis.main(GCLogAnalysis.java:25)
Heap
 PSYoungGen      total 29184K, used 14841K [0x00000000fd580000, 0x0000000100000000, 0x0000000100000000)
  eden space 14848K, 99% used [0x00000000fd580000,0x00000000fe3fe598,0x00000000fe400000)
  from space 14336K, 0% used [0x00000000ff200000,0x00000000ff200000,0x0000000100000000)
  to   space 14336K, 0% used [0x00000000fe400000,0x00000000fe400000,0x00000000ff200000)
 ParOldGen       total 87552K, used 87318K [0x00000000f8000000, 0x00000000fd580000, 0x00000000fd580000)
  object space 87552K, 99% used [0x00000000f8000000,0x00000000fd5458c0,0x00000000fd580000)
 Metaspace       used 2667K, capacity 4486K, committed 4864K, reserved 1056768K
  class space    used 294K, capacity 386K, committed 512K, reserved 1048576K

```



##### 分析：

​			  与SerialGC的过程大致相同 

### 	Xmx512m Xms512m 环境下

```shell
java -Xmx512m -Xms512m -XX:+UseParallelGC -XX:+PrintGCDetails -XX:+PrintGCDateStamps GCLogAnalysis
```

结果：执行结束!共生成对象次数:9549，   GC的时间总消耗时约为0.86s young GC次数26次 ，FullGC次数15次 总共41次GC 

### 	Xmx1g Xms1g 环境下

```shell
java -Xmx1g -Xms1g -XX:+UseParallelGC -XX:+PrintGCDetails -XX:+PrintGCDateStamps GCLogAnalysis
```

结果：执行结束!共生成对象次数:17686，   GC的时间总消耗时约为0.44s young GC次数32次 ，FullGC次数3次 总共35次GC 

### 	Xmx2g Xms2g 环境下

```shell
java -Xmx2g -Xms2g -XX:+UseParallelGC -XX:+PrintGCDetails -XX:+PrintGCDateStamps GCLogAnalysis
```

结果：执行结束!共生成对象次数:21291，   GC的时间总消耗时约为0.32s young GC次数16次 ，FullGC次数0次 总共16次GC 

### 	Xmx4g Xms4g 环境下

```shell
java -Xmx4g -Xms4g XX:+UseParallelGC -XX:+PrintGCDetails -XX:+PrintGCDateStamps GCLogAnalysis
```

结果：执行结束!共生成对象次数:22973，   GC的时间总消耗时约为0.15s young GC次数5次 ，FullGC次数0次 总共5次GC 

##### 分析：

​		与SerialGC得出结论相似



## CMSGC

### Xmx128m Xms128m 环境下

```shell
java -Xmx128m -Xms128m -XX:+UseConcMarkSweepGC -XX:+PrintGCDetails -XX:+PrintGCDateStamps GCLogAnalysis
```

结果较多省去了重复部分后：

```java
2021-01-14T10:44:52.359+0800: [GC (Allocation Failure) [PSYoungGen: 33225K->5108K(38400K)] 33225K->8672K(125952K), 0.0037516 secs] [Times: user=0.00 sys=0.00, real=0.00 secs]

2021-01-14T11:14:39.290+0800: [GC (CMS Initial Mark) [1 CMS-initial-mark: 59103K(87424K)] 63799K(126720K), 0.0014279 secs] [Times: user=0.00 sys=0.00, real=0.00 secs]
2021-01-14T11:14:39.292+0800: [CMS-concurrent-mark-start]
2021-01-14T11:14:39.294+0800: [CMS-concurrent-mark: 0.001/0.001 secs] [Times: user=0.00 sys=0.00, real=0.00 secs]
2021-01-14T11:14:39.294+0800: [CMS-concurrent-preclean-start] 
2021-01-14T11:14:39.306+0800: [CMS-concurrent-preclean: 0.000/0.009 secs] [Times: user=0.00 sys=0.00, real=0.01 secs]
2021-01-14T11:14:39.308+0800: [CMS-concurrent-abortable-preclean-start]
2021-01-14T11:14:39.308+0800: [CMS-concurrent-abortable-preclean: 0.000/0.000 secs] [Times: user=0.00 sys=0.00, real=0.00 secs]
2021-01-14T11:14:39.311+0800: [GC (CMS Final Remark) [YG occupancy: 23591 K (39296 K)]2021-01-14T11:14:39.311+0800: [Rescan (parallel) , 0.0001877 secs]2021-01-14T11:14:39.311+0800: [weak refs processing, 0.0000629 secs]2021-01-14T11:14:39.311+0800: [class unloading, 0.0005232 secs]2021-01-14T11:14:39.311+0800: [scrub symbol table, 0.0003161 secs]2021-01-14T11:14:39.311+0800: [scrub string table, 0.0001186 secs][1 CMS-remark: 73695K(87424K)] 97286K(126720K), 0.0016915 secs] [Times: user=0.00 sys=0.00, real=0.00 secs]
2021-01-14T11:14:39.313+0800: [CMS-concurrent-sweep-start]
2021-01-14T11:14:39.314+0800: [CMS-concurrent-sweep: 0.000/0.000 secs]2021-01-14T11:14:39.317+0800: [GC (Allocation Failure)  [Times: user=0.00 sys=0.00, real=0.00 secs]
2021-01-14T11:14:39.317+0800: [ParNew: 39221K->4345K(39296K), 0.0032507 secs] 104271K->80132K(126720K), 0.0050197 secs] [Times: user=0.00 sys=0.00, real=0.00 secs]
2021-01-14T11:14:39.321+0800: [CMS-concurrent-reset-start]
2021-01-14T11:14:39.321+0800: [CMS-concurrent-reset: 0.000/0.000 secs] [Times: user=0.00 sys=0.00, real=0.00 secs]
 

java.lang.OutOfMemoryError: Java heap space2021-01-14T11:14:39.644+0800
:       at GCLogAnalysis.generateGarbage(GCLogAnalysis.java:48)
        at GCLogAnalysis.main(GCLogAnalysis.java:25)[CMS-concurrent-mark: 0.001/0.001 secs]
 [Times: user=0.00 sys=0.00, real=0.00 secs]
Heap
 par new generation   total 39296K, used 38770K [0x00000000f8000000, 0x00000000faaa0000, 0x00000000faaa0000)
  eden space 34944K, 100% used [0x00000000f8000000, 0x00000000fa220000, 0x00000000fa220000)
  from space 4352K,  87% used [0x00000000fa660000, 0x00000000faa1cb20, 0x00000000faaa0000)
  to   space 4352K,   0% used [0x00000000fa220000, 0x00000000fa220000, 0x00000000fa660000)
 concurrent mark-sweep generation2021-01-14T11:14:39.649+0800: [CMS-concurrent-preclean-start]
 total 87424K, used 86760K [0x00000000faaa0000, 0x0000000100000000, 0x0000000100000000)
 Metaspace       used 2667K, capacity 4486K, committed 4864K, reserved 1056768K
2021-01-14T11:14:39.652+0800:   class space    used 294K, capacity 386K, committed 512K, reserved 1048576K
[CMS-concurrent-preclean: 0.001/0.001 secs]

```



 分析：

###### YOUNG GC：

​			CMS GC  youngGC的操作 和前两个GC差不多把。

###### FULL GC：

```shell
[GC (CMS Initial Mark) [1 CMS-initial-mark: 59103K(87424K)] 63799K(126720K), 0.0014279 secs] [Times: user=0.00 sys=0.00, real=0.00 secs]
```

(CMS Initial Mark)：初始标记 需要STW ，  老年代代用了57M，老年代总共87M，堆用了62M，总共128M

```shell
2021-01-14T11:14:39.292+0800: [CMS-concurrent-mark-start]
2021-01-14T11:14:39.294+0800: [CMS-concurrent-mark: 0.001/0.001 secs] [Times: user=0.00 sys=0.00, real=0.00 secs]
```

CMS 开始并发标记，这阶段次序了0.001s  

```shell
2021-01-14T11:14:39.294+0800: [CMS-concurrent-preclean-start] 
2021-01-14T11:14:39.306+0800: [CMS-concurrent-preclean: 0.000/0.009 secs] [Times: user=0.00 sys=0.00, real=0.01 secs]
```

CMS 开始并发预清理，统计前面 并发标记阶段 执行过程中发送了改变的对象。

```shell
2021-01-14T11:14:39.308+0800: [CMS-concurrent-abortable-preclean-start]
2021-01-14T11:14:39.308+0800: [CMS-concurrent-abortable-preclean: 0.000/0.000 secs] [Times: user=0.00 sys=0.00, real=0.00 secs]
```

CMS 开始课取消的并发预清理， 在 STW 前多干活

```shell
[GC (CMS Final Remark) [YG occupancy: 23591 K (39296 K)]2021-01-14T11:14:39.311+0800: [Rescan (parallel) , 0.0001877 secs]2021-01-14T11:14:39.311+0800: [weak refs processing, 0.0000629 secs]2021-01-14T11:14:39.311+0800: [class unloading, 0.0005232 secs]2021-01-14T11:14:39.311+0800: [scrub symbol table, 0.0003161 secs]2021-01-14T11:14:39.311+0800: [scrub string table, 0.0001186 secs][1 CMS-remark: 73695K(87424K)] 97286K(126720K), 0.0016915 secs] [Times: user=0.00 sys=0.00, real=0.00 secs]
```

CMS 开始最终标记 ，需要STW， 用来标记所有老年代中的标记。 当前年轻代23M，总共38M， 重新扫描花了0.0001s，处理弱引用用了0.000006s，卸载不使用的类，用了0.0005s， 清理符号表 ， 清理内联字符串的string tables， 此阶段完成后 老年的内存为72M，总共86M， 堆内存96M，总共126M，

```java
2021-01-14T11:14:39.313+0800: [CMS-concurrent-sweep-start]
2021-01-14T11:14:39.314+0800: [CMS-concurrent-sweep: 0.000/0.000 secs]2021-01-14T11:14:39.317+0800: [GC (Allocation Failure)  [Times: user=0.00 sys=0.00, real=0.00 secs]
```

CMS 开始并发清除老年代中所有未被标记的对象、释放内存

```java
2021-01-14T11:14:39.321+0800: [CMS-concurrent-reset-start]
2021-01-14T11:14:39.321+0800: [CMS-concurrent-reset: 0.000/0.000 secs] [Times: user=0.00 sys=0.00, real=0.00 secs]
```

CMS 开始并发重置， 重置CMS算法相关的内部数据结构，下一次触发GC时就可以直接使

### 	Xmx512m Xms512m 环境下

```shell
java -Xmx512m -Xms512m -XX:+UseConcMarkSweepGC -XX:+PrintGCDetails -XX:+PrintGCDateStamps GCLogAnalysis
```

结果：执行结束!共生成对象次数:12286 

### 	Xmx1g Xms1g 环境下

```shell
java -Xmx1g -Xms1g -XX:+UseConcMarkSweepGC -XX:+PrintGCDetails -XX:+PrintGCDateStamps GCLogAnalysis
```

结果：执行结束!共生成对象次数:18489

### 	Xmx2g Xms2g 环境下

```shell
java -Xmx2g -Xms2g -XX:+UseConcMarkSweepGC -XX:+PrintGCDetails -XX:+PrintGCDateStamps GCLogAnalysis
```

结果：执行结束!共生成对象次数:18513 

### 	Xmx4g Xms4g 环境下

```shell
java -Xmx4g -Xms4g -XX:+UseConcMarkSweepGC -XX:+PrintGCDetails -XX:+PrintGCDateStamps GCLogAnalysis
```

结果：执行结束!共生成对象次数:18627 

##### 分析：

​		CMS GC的新生堆大小 与最大堆大小没啥关系



## G1GC

### Xmx128m Xms128m 环境下

```shell
java -Xmx128m -Xms128m -XX:+UseG1GC -XX:+PrintGCDetails -XX:+PrintGCDateStamps GCLogAnalysis
```

##### 纯年轻代GC：

```java
2021-01-14T13:41:53.798+0800: [GC pause (G1 Evacuation Pause) (young), 0.0049338 secs] 
---– G1转移暂停，纯年轻代模式; 只清理年轻代空间，持续的系统时间为0.4ms
   [Parallel Time: 1.7 ms, GC Workers: 8] ----表明后面的活动由8个 Worker 线程并行执行，消耗时间为1.7毫秒(real time); worker 是一种模式，类似于一个老板指挥多个工人干活。
      [GC Worker Start (ms): Min: 91.2, Avg: 91.4, Max: 91.5, Diff: 0.3] 
    – GC的worker线程开始启动时，相对于 pause 开始时间的毫秒间隔。如果 Min 和 Max 差别很大，则表明本机其他进程所使用的线程数量过多，挤占了GC的可用CPU时间。
      [Ext Root Scanning (ms): Min: 0.0, Avg: 0.1, Max: 0.2, Diff: 0.2, Sum: 1.1]
    – 用了多长时间来扫描堆外内存(non-heap)的 GC ROOT，如classloaders，JNI引用，JVM系统ROOT等。后面显示了运行时间，“Sum” 指的是CPU时间。
      [Update RS (ms): Min: 0.0, Avg: 0.0, Max: 0.0, Diff: 0.0, Sum: 0.0] - 用了多少时间更新 RS区
         [Processed Buffers: Min: 0, Avg: 0.0, Max: 0, Diff: 0, Sum: 0] - 用了多少时间处理缓存
      [Scan RS (ms): Min: 0.0, Avg: 0.0, Max: 0.0, Diff: 0.0, Sum: 0.0] - 用了多少时间扫描RS区
      [Code Root Scanning (ms): Min: 0.0, Avg: 0.0, Max: 0.0, Diff: 0.0, Sum: 0.0] 
    – 扫描实际代码中的 root 用了多长时间：例如线程栈中的局部变量。
      [Object Copy (ms): Min: 1.1, Avg: 1.1, Max: 1.2, Diff: 0.1, Sum: 9.2] – 用了多长时间来拷贝回收集中的存活对象。
      [Termination (ms): Min: 0.0, Avg: 0.0, Max: 0.1, Diff: 0.1, Sum: 0.3] – GC的worker线程用了多长时间来确保自身可以安全地停止，在这段时间内什么也不做，完成后GC线程就终止运行了，所以叫终止等待时间。
         [Termination Attempts: Min: 1, Avg: 1.1, Max: 2, Diff: 1, Sum: 9] -– GC的worker 线程尝试多少次 try 和 teminate。如果worker发现还有一些任务没处理完，则这一次尝试就是失败的，暂时还不能终止。 
      [GC Worker Other (ms): Min: 0.0, Avg: 0.0, Max: 0.0, Diff: 0.0, Sum: 0.2] – 其他的小任务， 因为时间很短，在GC日志将他们归结在一起。
      [GC Worker Total (ms): Min: 1.2, Avg: 1.3, Max: 1.5, Diff: 0.3, Sum: 10.8] – GC的worker 线程工作时间总计
      [GC Worker End (ms): Min: 92.7, Avg: 92.7, Max: 92.7, Diff: 0.0] – GC的worker 线程完成作业时刻，相对于此次GC暂停开始时间的毫
秒数。通常来说这部分数字应该大致相等，否则就说明有太多的线程被挂起，很可能是因为“坏邻居效应(noisy neighbor)" 所导致的。
   [Code Root Fixup: 0.0 ms]  ---– 释放用于管理并行活动的内部数据，一般都接近于零。这个过程是串行执行的。
   [Code Root Purge: 0.0 ms]  ---- 清理其他部分数据，也是非常快的，如非必要基本上等于零。也是串行执行的过程。
   [Clear CT: 1.1 ms]
   [Other: 2.2 ms]  –--------- 其他活动消耗的时间，其中大部分是并行执行的。
      [Choose CSet: 0.0 ms] - 选择CSet消耗的时间; CSet 是 Collection Set 的缩写。
      [Ref Proc: 0.5 ms] – 处理非强引用(non-strong)的时间：进行清理或者决定是否需要清理。
      [Ref Enq: 0.0 ms] --用来将剩下的 non-strong 引用排列到合适的 ReferenceQueue 中  
      [Redirty Cards: 1.1 ms]
      [Humongous Register: 0.0 ms]
      [Humongous Reclaim: 0.0 ms]
      [Free CSet: 0.0 ms] – 将回收集中被释放的小堆归还所消耗的时间，以便他们能用来分配新的对象。
   [Eden: 24.0M(24.0M)->0.0B(24.0M)  – 暂停之前和暂停之后，Eden 区的使用量/总容量。 
    Survivors: 0.0B->3072.0K  – GC暂停前后，存活区的使用量。
    Heap: 29.0M(128.0M)->12.7M(128.0M)] – 暂停前后，整个堆内存的使用量与总容量。
 [Times: user=0.00 sys=0.00, real=0.03 secs] – GC事件的持续时间。
```

##### 标记到清理：

```java
2021-01-14T13:41:54.070+0800: [GC pause (G1 Humongous Allocation) (young) (initial-mark), 0.0006935 secs]  -- 初始标记
2021-01-14T13:41:54.088+0800: [GC concurrent-root-region-scan-start]  -- 标记所有从 "根区域" 可达的存活对象
2021-01-14T13:41:54.088+0800: [GC concurrent-root-region-scan-end, 0.0004138 secs]
2021-01-14T13:41:54.089+0800: [GC concurrent-mark-start] -- 并发标记 
2021-01-14T13:41:54.123+0800: [GC concurrent-mark-end, 0.0330865 secs]
2021-01-14T13:41:54.123+0800: [GC remark 2021-01-14T13:41:54.123+0800: [Finalize Marking, 0.0001443 secs] 2021-01-14T13:41:54.123+0800: [GC ref-proc, 0.0001094 secs] 2021-01-14T13:41:54.123+0800: [Unloading, 0.0004237 secs], 0.0011458 secs]
 [Times: user=0.00 sys=0.00, real=0.00 secs]  --再次标记
2021-01-14T13:41:54.124+0800: [GC cleanup 114M->114M(128M), 0.0005026 secs]
 [Times: user=0.00 sys=0.00, real=0.00 secs]  --清理
```

##### 转移暂停: 混合模式：

```java
2021-01-14T13:41:54.143+0800: [GC pause (G1 Evacuation Pause) (mixed) (to-space exhausted), 0.0008833 secs]
   [Parallel Time: 0.5 ms, GC Workers: 8]  
      [GC Worker Start (ms): Min: 436.1, Avg: 436.1, Max: 436.1, Diff: 0.1]
      [Ext Root Scanning (ms): Min: 0.1, Avg: 0.1, Max: 0.2, Diff: 0.1, Sum: 0.9]
      [Update RS (ms): Min: 0.1, Avg: 0.2, Max: 0.2, Diff: 0.1, Sum: 1.2]
         [Processed Buffers: Min: 2, Avg: 2.3, Max: 3, Diff: 1, Sum: 18]
      [Scan RS (ms): Min: 0.0, Avg: 0.0, Max: 0.0, Diff: 0.0, Sum: 0.0]
      [Code Root Scanning (ms): Min: 0.0, Avg: 0.0, Max: 0.0, Diff: 0.0, Sum: 0.0]
      [Object Copy (ms): Min: 0.0, Avg: 0.1, Max: 0.1, Diff: 0.1, Sum: 0.5]
      [Termination (ms): Min: 0.0, Avg: 0.0, Max: 0.1, Diff: 0.1, Sum: 0.3]
         [Termination Attempts: Min: 1, Avg: 1.4, Max: 2, Diff: 1, Sum: 11]
      [GC Worker Other (ms): Min: 0.0, Avg: 0.0, Max: 0.0, Diff: 0.0, Sum: 0.1]
      [GC Worker Total (ms): Min: 0.3, Avg: 0.4, Max: 0.4, Diff: 0.1, Sum: 3.0]
      [GC Worker End (ms): Min: 436.5, Avg: 436.5, Max: 436.5, Diff: 0.0]
   [Code Root Fixup: 0.0 ms]
   [Code Root Purge: 0.0 ms]
   [Clear CT: 0.1 ms]  – 清理 card table 中 cards 的时间。清理工作只是简单地删除“脏”状态，此状态用来标识一个字段是否被更新的，供Remembered Sets使用。
   [Other: 0.3 ms]
      [Evacuation Failure: 0.1 ms]
      [Choose CSet: 0.0 ms]
      [Ref Proc: 0.1 ms]
      [Ref Enq: 0.0 ms]
      [Redirty Cards: 0.1 ms] -将 card table 中适当的位置标记为 dirty 所花费的时间。"适当的位置"是由GC本身执行的堆内存改变所决定的，例如引用排队等。
      [Humongous Register: 0.0 ms]
      [Humongous Reclaim: 0.0 ms]
      [Free CSet: 0.0 ms]
   [Eden: 4096.0K(5120.0K)->0.0B(6144.0K) Survivors: 1024.0K->0.0B Heap: 117.2M(128.0M)->116.7M(128.0M)]
 [Times: user=0.00 sys=0.00, real=0.02 secs]
```

##### Full GC：

```
2021-01-14T14:29:17.699+0800: [Full GC (Allocation Failure)  103M->102M(128M), 0.0030995 secs]
   [Eden: 0.0B(6144.0K)->0.0B(6144.0K) Survivors: 0.0B->0.0B Heap: 103.8M(128.0M)->102.9M(128.0M)], [Metaspace: 2637K->2637K(1056768K)]
 [Times: user=0.00 sys=0.00, real=0.01 secs] 
```



### 	Xmx512m Xms512m 环境下

```shell
java -Xmx512m -Xms512m -XX:+UseG1GC -XX:+PrintGCDetails -XX:+PrintGCDateStamps GCLogAnalysis
```

结果：执行结束!共生成对象次数:14540

### 	Xmx1g Xms1g 环境下

```shell
java -Xmx1g -Xms1g -XX:+UseG1GC -XX:+PrintGCDetails -XX:+PrintGCDateStamps GCLogAnalysis
```

结果：执行结束!共生成对象次数:19316

### 	Xmx2g Xms2g 环境下

```shell
java -Xmx2g -Xms2g  -XX:+UseG1GC -XX:+PrintGCDetails -XX:+PrintGCDateStamps GCLogAnalysis
```

结果：执行结束!共生成对象次数:15472

### 	Xmx4g Xms4g 环境下

```shell
java -Xmx4g -Xms4g -XX:+UseG1GC -XX:+PrintGCDetails -XX:+PrintGCDateStamps GCLogAnalysis
```

结果：执行结束!共生成对象次数:23015

##### 分析：

​		G1 GC的效率 和最大堆内存存在着关系